FILE_TYPE=LIBRARY_PARTS;
PRIMITIVE 'SB160_E3_54','SB160_E3_54_Diodes, Axial Diameter Horizontal Mounting';
  PIN
    'K':
      PIN_NUMBER='(1)';
      NO_LOAD_CHECK=BOTH;
      NO_IO_CHECK=BOTH;
      ALLOW_CONNECT=TRUE;
      PINUSE='UNSPEC';
    'A':
      PIN_NUMBER='(2)';
      NO_LOAD_CHECK=BOTH;
      NO_IO_CHECK=BOTH;
      ALLOW_CONNECT=TRUE;
      PINUSE='UNSPEC';
  END_PIN;
  BODY
    PART_NAME='SB160_E3_54';
    PHYS_DES_PREFIX='D';
    NO_LOAD_CHECK='TRUE';
    PIN_COUNT='2';
    BODY_NAME='SB160_E3_54';
    JEDEC_TYPE='DIOAD1405W86L465D235';
  END_BODY;
END_PRIMITIVE;
END.
