FILE_TYPE=LIBRARY_PARTS;
PRIMITIVE 'ESH227M050AH1AA','ESH227M050AH1AA_Capacitor, Polarized Radial Diameter';
  PIN
    '+':
      PIN_NUMBER='(1)';
      NO_LOAD_CHECK=BOTH;
      NO_IO_CHECK=BOTH;
      ALLOW_CONNECT=TRUE;
      PINUSE='UNSPEC';
    '-':
      PIN_NUMBER='(2)';
      NO_LOAD_CHECK=BOTH;
      NO_IO_CHECK=BOTH;
      ALLOW_CONNECT=TRUE;
      PINUSE='UNSPEC';
  END_PIN;
  BODY
    PART_NAME='ESH227M050AH1AA';
    PHYS_DES_PREFIX='C';
    NO_LOAD_CHECK='TRUE';
    PIN_COUNT='2';
    BODY_NAME='ESH227M050AH1AA';
    JEDEC_TYPE='CAPPRD500W60D1000H1350';
  END_BODY;
END_PRIMITIVE;
END.
